// Jest Snapshot v1, https://goo.gl/fbAQLP

exports[`<PostCard /> should match snapshot 1`] = `
<div
  class="post"
>
  <img
    alt="Title 1"
    src="img/img.png"
  />
  <div
    class="post-content"
  >
    <h3>
      Title 1
    </h3>
    <p>
      Body 1
    </p>
  </div>
</div>
`;
